[36mvite v7.3.1 [32mbuilding client environment for production...[36m[39m
transforming...
[32mΓ£ô[39m 268 modules transformed.
node.exe : [31mΓ£ù[39m Build failed in 
1.84s
At C:\Program Files\nodejs\npx.ps1:29 char:3
+   & $NODE_EXE $NPX_CLI_JS $args
+   ~~~~~~~~~~~~~~~~~~~~~~~~~~~~~
    + CategoryInfo          : NotSpecified: 
    ([31mΓ£ù[39m Build failed in 1.84s:S  
  tring) [], RemoteException
    + FullyQualifiedErrorId : NativeCommand 
   Error
 
[31merror during build:
[31m[vite]: Rollup failed to resolve 
import "react-is" from "C:/Users/Aryan/Deskt
op/Forgeweb-lms/node_modules/recharts/es6/ut
il/ReactUtils.js".
This is most likely unintended because it 
can break your application at runtime.
If you do want to externalize this module 
explicitly add it to
`build.rollupOptions.external`[31m
    at viteLog (file:///C:/Users/Aryan/Deskt
op/Forgeweb-lms/node_modules/vite/dist/node/
chunks/config.js:33635:57)
    at file:///C:/Users/Aryan/Desktop/Forgew
eb-lms/node_modules/vite/dist/node/chunks/co
nfig.js:33669:73
    at onwarn (file:///C:/Users/Aryan/Deskto
p/Forgeweb-lms/node_modules/@vitejs/plugin-r
eact/dist/index.js:76:7)
    at file:///C:/Users/Aryan/Desktop/Forgew
eb-lms/node_modules/vite/dist/node/chunks/co
nfig.js:33669:28
    at onRollupLog (file:///C:/Users/Aryan/D
esktop/Forgeweb-lms/node_modules/vite/dist/n
ode/chunks/config.js:33664:63)
    at onLog (file:///C:/Users/Aryan/Desktop
/Forgeweb-lms/node_modules/vite/dist/node/ch
unks/config.js:33467:4)
    at file:///C:/Users/Aryan/Desktop/Forgew
eb-lms/node_modules/rollup/dist/es/shared/no
de-entry.js:20981:32
    at Object.logger [as onLog] (file:///C:/
Users/Aryan/Desktop/Forgeweb-lms/node_module
s/rollup/dist/es/shared/node-entry.js:22968:
9)
    at ModuleLoader.handleInvalidResolvedId 
(file:///C:/Users/Aryan/Desktop/Forgeweb-lms
/node_modules/rollup/dist/es/shared/node-ent
ry.js:21712:26)
    at file:///C:/Users/Aryan/Desktop/Forgew
eb-lms/node_modules/rollup/dist/es/shared/no
de-entry.js:21670:26[39m
